Task t4 missed its deadline!
Time = 140.9993438721
Deadline = 140.0000000000
DAT
0.90,1,1,1,1,1,0
DAT
0.91,1,1,1,1,1,2
DAT
0.92,0,1,1,1,1,2
DAT
1.90,1,1,1,1,1,0
DAT
1.91,0,1,1,1,1,2
DAT
2.90,1,1,1,1,1,0
DAT
2.91,0,1,1,1,1,2
DAT
2.91,2,0,1,1,1,2
DAT
3.90,2,1,1,1,1,0
DAT
3.91,2,0,1,1,1,2
DAT
4.90,2,1,1,1,1,0
DAT
4.91,2,0,1,1,1,2
DAT
5.90,2,1,1,1,1,0
DAT
5.91,2,0,1,1,1,2
DAT
6.00,2,2,0,1,1,2
DAT
6.90,2,2,1,1,1,0
DAT
6.91,2,2,0,1,1,2
DAT
7.90,2,2,1,1,1,0
DAT
7.91,2,2,0,1,1,2
DAT
8.90,2,2,1,1,1,0
DAT
8.91,2,2,0,1,1,2
DAT
9.90,2,2,1,1,1,0
DAT
9.91,2,2,0,1,1,2
DAT
10.90,2,2,1,1,1,0
DAT
10.91,2,2,0,1,1,2
DAT
11.90,2,2,1,1,1,0
DAT
11.91,2,2,0,1,1,2
DAT
12.90,2,2,1,1,1,0
DAT
12.91,2,2,0,1,1,2
DAT
13.90,2,2,1,1,1,0
DAT
13.91,2,2,0,1,1,2
DAT
14.90,2,2,1,1,1,0
DAT
14.91,2,2,0,1,1,2
DAT
15.90,2,2,1,1,1,0
DAT
15.91,2,2,0,1,1,2
DAT
15.97,2,2,2,0,1,2
DAT
16.90,2,2,2,1,1,0
DAT
16.91,2,2,2,0,1,2
DAT
17.90,2,2,2,1,1,0
DAT
17.91,2,2,2,0,1,2
DAT
18.90,2,2,2,1,1,0
DAT
18.91,2,2,2,0,1,2
DAT
19.90,2,2,2,1,1,0
DAT
19.91,2,2,2,0,1,2
DAT
20.90,2,2,2,1,1,0
DAT
20.91,2,2,2,0,1,2
DAT
21.90,2,2,2,1,1,0
DAT
21.91,2,2,2,0,1,2
DAT
22.90,2,2,2,1,1,0
DAT
22.91,2,2,2,0,1,2
DAT
23.90,2,2,2,1,1,0
DAT
23.91,2,2,2,0,1,2
DAT
24.90,2,2,2,1,1,0
DAT
24.91,2,2,2,0,1,2
DAT
25.90,2,2,2,1,1,0
DAT
25.91,2,2,2,0,1,2
DAT
26.90,2,2,2,1,1,0
DAT
26.91,2,2,2,0,1,2
DAT
27.90,2,2,2,1,1,0
DAT
27.91,2,2,2,0,1,2
DAT
28.90,2,2,2,1,1,0
DAT
28.91,2,2,2,0,1,2
DAT
29.90,2,2,2,1,1,0
DAT
29.91,2,2,2,0,1,2
DAT
30.90,1,2,2,1,1,0
DAT
30.91,1,2,2,0,1,2
DAT
31.90,1,2,2,1,1,0
DAT
31.91,1,2,2,0,1,2
DAT
32.90,1,1,2,1,1,0
DAT
32.91,1,1,2,0,1,2
DAT
33.90,1,1,2,1,1,0
DAT
33.91,1,1,2,0,1,2
DAT
34.90,1,1,2,1,1,0
DAT
34.91,1,1,2,0,1,2
DAT
35.90,1,1,2,1,1,0
DAT
35.91,1,1,2,0,1,2
DAT
36.90,1,1,2,1,1,0
DAT
36.91,1,1,2,0,1,2
DAT
36.91,1,1,2,2,0,2
DAT
37.90,1,1,2,2,1,0
DAT
37.91,0,1,2,2,1,2
DAT
38.90,1,1,2,2,1,0
DAT
38.91,0,1,2,2,1,2
DAT
39.00,2,1,2,2,1,2
DAT
39.00,2,0,2,2,1,2
DAT
39.90,2,1,2,2,1,0
DAT
39.91,2,0,2,2,1,2
DAT
40.90,2,1,2,2,1,0
DAT
40.91,2,0,2,2,1,2
DAT
41.90,2,1,2,2,1,0
DAT
41.91,2,0,2,2,1,2
DAT
42.90,2,1,2,2,1,0
DAT
42.91,2,0,2,2,1,2
DAT
42.99,2,2,2,2,0,2
DAT
43.90,2,2,2,2,1,0
DAT
43.91,2,2,2,2,0,2
DAT
44.90,2,2,2,2,1,0
DAT
44.91,2,2,2,2,0,2
DAT
45.90,2,2,1,2,1,0
DAT
45.91,2,2,1,2,0,2
DAT
46.90,2,2,1,2,1,0
DAT
46.91,2,2,1,2,0,2
DAT
46.99,2,2,1,2,2,2
DAT
46.99,2,2,0,2,2,2
DAT
47.90,2,2,1,2,2,0
DAT
47.91,2,2,1,2,2,2
DAT
47.91,2,2,0,2,2,2
DAT
48.90,2,2,1,2,2,0
DAT
48.91,2,2,1,2,2,2
DAT
48.91,2,2,0,2,2,2
DAT
49.90,2,2,1,2,2,0
DAT
49.91,2,2,1,2,2,2
DAT
49.91,2,2,0,2,2,2
DAT
50.90,2,2,1,2,2,0
DAT
50.91,2,2,1,2,2,2
DAT
50.91,2,2,0,2,2,2
DAT
51.90,2,2,1,2,2,0
DAT
51.91,2,2,1,2,2,2
DAT
51.91,2,2,0,2,2,2
DAT
52.90,2,2,1,2,2,0
DAT
52.91,2,2,1,2,2,2
DAT
52.91,2,2,0,2,2,2
DAT
53.90,2,2,1,2,2,0
DAT
53.91,2,2,1,2,2,2
DAT
53.91,2,2,0,2,2,2
DAT
54.90,2,2,1,2,2,0
DAT
54.91,2,2,1,2,2,2
DAT
54.91,2,2,0,2,2,2
DAT
55.90,2,2,1,2,2,0
DAT
55.91,2,2,1,2,2,2
DAT
55.91,2,2,0,2,2,2
DAT
56.90,2,2,1,2,2,0
DAT
56.91,2,2,1,2,2,2
DAT
56.91,2,2,0,2,2,2
DAT
57.00,2,2,2,2,2,2
DAT
57.90,2,2,2,2,2,0
DAT
57.91,2,2,2,2,2,2
DAT
58.90,2,2,2,2,2,0
DAT
58.91,2,2,2,2,2,2
DAT
59.90,2,2,2,2,2,0
DAT
59.91,2,2,2,2,2,2
DAT
60.90,1,2,2,2,2,0
DAT
60.91,0,2,2,2,2,2
DAT
61.90,1,2,2,2,2,0
DAT
61.91,0,2,2,2,2,2
DAT
62.00,2,2,2,2,2,2
DAT
62.90,2,1,2,2,2,0
DAT
62.91,2,0,2,2,2,2
DAT
63.90,2,1,2,2,2,0
DAT
63.91,2,0,2,2,2,2
DAT
64.90,2,1,2,2,2,0
DAT
64.91,2,0,2,2,2,2
DAT
65.90,2,1,2,1,2,0
DAT
65.91,2,0,2,1,2,2
DAT
65.99,2,2,2,0,2,2
DAT
66.90,2,2,2,1,2,0
DAT
66.91,2,2,2,0,2,2
DAT
67.90,2,2,2,1,2,0
DAT
67.91,2,2,2,0,2,2
DAT
68.90,2,2,2,1,2,0
DAT
68.91,2,2,2,0,2,2
DAT
69.90,2,2,2,1,2,0
DAT
69.91,2,2,2,0,2,2
DAT
70.90,2,2,2,1,2,0
DAT
70.91,2,2,2,0,2,2
DAT
71.90,2,2,2,1,2,0
DAT
71.91,2,2,2,0,2,2
DAT
72.90,2,2,2,1,2,0
DAT
72.91,2,2,2,0,2,2
DAT
73.90,2,2,2,1,2,0
DAT
73.91,2,2,2,0,2,2
DAT
74.90,2,2,2,1,2,0
DAT
74.91,2,2,2,0,2,2
DAT
75.90,2,2,2,1,2,0
DAT
75.91,2,2,2,0,2,2
DAT
76.90,2,2,2,1,2,0
DAT
76.91,2,2,2,0,2,2
DAT
77.90,2,2,2,1,2,0
DAT
77.91,2,2,2,0,2,2
DAT
78.90,2,2,2,1,2,0
DAT
78.91,2,2,2,0,2,2
DAT
79.90,2,2,2,1,2,0
DAT
79.91,2,2,2,0,2,2
DAT
80.90,2,2,2,1,2,0
DAT
80.91,2,2,2,0,2,2
DAT
81.90,2,2,2,1,2,0
DAT
81.91,2,2,2,0,2,2
DAT
82.90,2,2,2,1,2,0
DAT
82.91,2,2,2,0,2,2
DAT
83.90,2,2,2,1,2,0
DAT
83.91,2,2,2,0,2,2
DAT
84.90,2,2,2,1,2,0
DAT
84.91,2,2,2,0,2,2
DAT
85.90,2,2,1,1,2,0
DAT
85.91,2,2,1,0,2,2
DAT
86.90,2,2,1,1,1,0
DAT
86.91,2,2,1,0,1,2
DAT
86.93,2,2,1,2,1,2
DAT
86.93,2,2,0,2,1,2
DAT
87.90,2,2,1,2,1,0
DAT
87.91,2,2,1,2,0,2
DAT
88.90,2,2,1,2,1,0
DAT
88.91,2,2,1,2,0,2
DAT
89.90,2,2,1,2,1,0
DAT
89.91,2,2,1,2,0,2
DAT
90.90,1,2,1,2,1,0
DAT
90.91,1,2,1,2,0,2
DAT
91.90,1,2,1,2,1,0
DAT
91.91,1,2,1,2,0,2
DAT
91.99,1,2,1,2,2,2
DAT
91.99,0,2,1,2,2,2
DAT
92.90,1,1,1,2,2,0
DAT
92.91,0,1,1,2,2,2
DAT
93.90,1,1,1,2,2,0
DAT
93.91,0,1,1,2,2,2
DAT
93.99,2,1,0,2,2,2
DAT
94.90,2,1,1,2,2,0
DAT
94.91,2,0,1,2,2,2
DAT
95.90,2,1,1,2,2,0
DAT
95.91,2,0,1,2,2,2
DAT
96.90,2,1,1,2,2,0
DAT
96.91,2,0,1,2,2,2
DAT
97.90,2,1,1,2,2,0
DAT
97.91,2,0,1,2,2,2
DAT
97.99,2,2,1,2,2,2
DAT
97.99,2,2,0,2,2,2
DAT
98.90,2,2,1,2,2,0
DAT
98.91,2,2,0,2,2,2
DAT
99.90,2,2,1,2,2,0
DAT
99.91,2,2,0,2,2,2
DAT
100.90,2,2,1,2,2,0
DAT
100.91,2,2,0,2,2,2
DAT
101.90,2,2,1,2,2,0
DAT
101.91,2,2,0,2,2,2
DAT
102.90,2,2,1,2,2,0
DAT
102.91,2,2,0,2,2,2
DAT
103.90,2,2,1,2,2,0
DAT
103.91,2,2,0,2,2,2
DAT
104.90,2,2,1,2,2,0
DAT
104.91,2,2,0,2,2,2
DAT
105.90,2,2,1,2,2,0
DAT
105.91,2,2,0,2,2,2
DAT
106.90,2,2,1,2,2,0
DAT
106.91,2,2,0,2,2,2
DAT
106.98,2,2,2,2,2,2
DAT
107.90,2,2,2,2,2,0
DAT
107.91,2,2,2,2,2,2
DAT
108.90,2,2,2,2,2,0
DAT
108.91,2,2,2,2,2,2
DAT
109.90,2,2,2,2,2,0
DAT
109.91,2,2,2,2,2,2
DAT
110.90,2,2,2,2,2,0
DAT
110.91,2,2,2,2,2,2
DAT
111.90,2,2,2,2,2,0
DAT
111.91,2,2,2,2,2,2
DAT
112.90,2,2,2,2,2,0
DAT
112.91,2,2,2,2,2,2
DAT
113.90,2,2,2,2,2,0
DAT
113.91,2,2,2,2,2,2
DAT
114.90,2,2,2,2,2,0
DAT
114.91,2,2,2,2,2,2
DAT
115.90,2,2,2,1,2,0
DAT
115.91,2,2,2,0,2,2
DAT
116.90,2,2,2,1,2,0
DAT
116.91,2,2,2,1,2,2
DAT
116.91,2,2,2,0,2,2
DAT
117.90,2,2,2,1,2,0
DAT
117.91,2,2,2,1,2,2
DAT
117.91,2,2,2,0,2,2
DAT
118.90,2,2,2,1,2,0
DAT
118.91,2,2,2,1,2,2
DAT
118.91,2,2,2,0,2,2
DAT
119.90,2,2,2,1,2,0
DAT
119.91,2,2,2,1,2,2
DAT
119.91,2,2,2,0,2,2
DAT
120.90,1,2,2,1,2,0
DAT
120.91,0,2,2,1,2,2
DAT
121.90,1,2,2,1,2,0
DAT
121.91,0,2,2,1,2,2
DAT
122.00,2,2,2,1,2,2
DAT
122.00,2,2,2,0,2,2
DAT
122.90,2,1,2,1,2,0
DAT
122.91,2,0,2,1,2,2
DAT
123.90,2,1,2,1,2,0
DAT
123.91,2,0,2,1,2,2
DAT
124.90,2,1,2,1,2,0
DAT
124.91,2,0,2,1,2,2
DAT
125.90,2,1,1,1,2,0
DAT
125.91,2,0,1,1,2,2
DAT
125.99,2,2,1,1,2,2
DAT
126.00,2,2,0,1,2,2
DAT
126.90,2,2,1,1,2,0
DAT
126.91,2,2,1,0,2,2
DAT
127.90,2,2,1,1,2,0
DAT
127.91,2,2,1,0,2,2
DAT
128.90,2,2,1,1,2,0
DAT
128.91,2,2,1,0,2,2
DAT
129.90,2,2,1,1,2,0
DAT
129.91,2,2,1,0,2,2
DAT
130.90,2,2,1,1,2,0
DAT
130.91,2,2,1,0,2,2
DAT
131.90,2,2,1,1,2,0
DAT
131.91,2,2,1,0,2,2
DAT
132.90,2,2,1,1,2,0
DAT
132.91,2,2,1,0,2,2
DAT
133.90,2,2,1,1,2,0
DAT
133.91,2,2,1,0,2,2
DAT
134.90,2,2,1,1,2,0
DAT
134.91,2,2,1,0,2,2
DAT
135.90,2,2,1,1,2,0
DAT
135.91,2,2,1,0,2,2
DAT
136.90,2,2,1,1,1,0
DAT
136.91,2,2,1,0,1,2
DAT
137.90,2,2,1,1,1,0
DAT
137.91,2,2,1,0,1,2
DAT
138.90,2,2,1,1,1,0
DAT
138.91,2,2,1,0,1,2
DAT
139.90,2,2,1,1,1,0
DAT
139.91,2,2,1,0,1,2
DAT
140.90,2,2,1,1,1,0
DAT
140.91,2,2,1,0,1,2
DAT
141.90,2,2,1,1,1,0
DAT
647.94,1,1,1,1,1,0
DAT
647.94,1,1,1,1,1,0
---
Samples: 326
System Startup Time: 0.90
Max Trace Time: 0.0025796890
Acc Trace Time: 0.46
Max Sched Time: 0.0014572144
Acc Sched Time: 0.20
